../Drivers/CMSIS/Include/core_cm3.h:1480:22:__NVIC_SetPriorityGrouping	24	static
../Core/Src/main.c:216:5:main	64	static
../Core/Src/main.c:338:6:SystemClock_Config	88	static
../Core/Src/main.c:385:13:MX_ADC1_Init	24	static
../Core/Src/main.c:432:13:MX_I2C1_Init	8	static
../Core/Src/main.c:466:13:MX_I2C2_Init	8	static
../Core/Src/main.c:500:13:MX_SPI2_Init	8	static
../Core/Src/main.c:538:13:MX_TIM3_Init	64	static
../Core/Src/main.c:601:13:MX_TIM4_Init	64	static
../Core/Src/main.c:664:13:MX_USART1_UART_Init	8	static
../Core/Src/main.c:697:13:MX_GPIO_Init	40	static
../Core/Src/main.c:749:6:PID_init	24	static
../Core/Src/main.c:757:7:PID_update	48	static
../Core/Src/main.c:766:6:Motor_Set	32	static
../Core/Src/main.c:825:10:read_adc_value	16	static
../Core/Src/main.c:837:6:HAL_UART_RxCpltCallback	16	static
../Core/Src/main.c:850:6:StartRunTask	112	static
../Core/Src/main.c:998:6:StartStandbyTask	88	static
../Core/Src/main.c:1055:6:StartCommTask	88	static
../Core/Src/main.c:1116:6:StartSensorTask	96	static
../Core/Src/main.c:1164:6:HAL_TIM_PeriodElapsedCallback	16	static
../Core/Src/main.c:1181:6:Error_Handler	4	static,ignoring_inline_asm
